Archive member included because of file (symbol)

../../BSP/Debug\libBSP.a(keypad.o)
                              ./lab6.o (keypad_init)
../../BSP/Debug\libBSP.a(pbs.o)
                              ./lab6.o (pbs_init)
../../BSP/Debug\libBSP.a(system.o)
                              ./lab6.o (sys_init)
../../BSP/Debug\libBSP.a(timers.o)
                              ../../BSP/Debug\libBSP.a(pbs.o) (timers_init)
../../BSP/Debug\libBSP.a(uart.o)
                              ./lab6.o (uart0_init)
c:/software/electronica/arm/eclipsearm/sourcery-g++-lite-arm-2011.03/bin/../lib/gcc/arm-none-eabi/4.5.2\libgcc.a(_udivsi3.o)
                              ../../BSP/Debug\libBSP.a(timers.o) (__aeabi_uidiv)
c:/software/electronica/arm/eclipsearm/sourcery-g++-lite-arm-2011.03/bin/../lib/gcc/arm-none-eabi/4.5.2\libgcc.a(_dvmd_tls.o)
                              c:/software/electronica/arm/eclipsearm/sourcery-g++-lite-arm-2011.03/bin/../lib/gcc/arm-none-eabi/4.5.2\libgcc.a(_udivsi3.o) (__aeabi_idiv0)
c:/software/electronica/arm/eclipsearm/sourcery-g++-lite-arm-2011.03/bin/../lib/gcc/arm-none-eabi/4.5.2\libgcc.a(_aeabi_uldivmod.o)
                              ../../BSP/Debug\libBSP.a(timers.o) (__aeabi_uldivmod)
c:/software/electronica/arm/eclipsearm/sourcery-g++-lite-arm-2011.03/bin/../lib/gcc/arm-none-eabi/4.5.2\libgcc.a(bpabi.o)
                              c:/software/electronica/arm/eclipsearm/sourcery-g++-lite-arm-2011.03/bin/../lib/gcc/arm-none-eabi/4.5.2\libgcc.a(_aeabi_uldivmod.o) (__gnu_uldivmod_helper)
c:/software/electronica/arm/eclipsearm/sourcery-g++-lite-arm-2011.03/bin/../lib/gcc/arm-none-eabi/4.5.2\libgcc.a(_divdi3.o)
                              c:/software/electronica/arm/eclipsearm/sourcery-g++-lite-arm-2011.03/bin/../lib/gcc/arm-none-eabi/4.5.2\libgcc.a(bpabi.o) (__divdi3)
c:/software/electronica/arm/eclipsearm/sourcery-g++-lite-arm-2011.03/bin/../lib/gcc/arm-none-eabi/4.5.2\libgcc.a(_udivdi3.o)
                              c:/software/electronica/arm/eclipsearm/sourcery-g++-lite-arm-2011.03/bin/../lib/gcc/arm-none-eabi/4.5.2\libgcc.a(bpabi.o) (__udivdi3)
c:/software/electronica/arm/eclipsearm/sourcery-g++-lite-arm-2011.03/bin/../lib/gcc/arm-none-eabi/4.5.2\libgcc.a(_clzsi2.o)
                              c:/software/electronica/arm/eclipsearm/sourcery-g++-lite-arm-2011.03/bin/../lib/gcc/arm-none-eabi/4.5.2\libgcc.a(_divdi3.o) (__clzsi2)

Memory Configuration

Name             Origin             Length             Attributes
*default*        0x00000000         0xffffffff

Linker script and memory map

LOAD ./lab6.o
LOAD ../../BSP/Debug\libBSP.a
START GROUP
LOAD c:/software/electronica/arm/eclipsearm/sourcery-g++-lite-arm-2011.03/bin/../lib/gcc/arm-none-eabi/4.5.2\libgcc.a
LOAD c:/software/electronica/arm/eclipsearm/sourcery-g++-lite-arm-2011.03/bin/../lib/gcc/arm-none-eabi/4.5.2/../../../../arm-none-eabi/lib\libc.a
END GROUP
                0x0c100000                . = 0xc100000

.text           0x0c100000     0x3114
 *(.text)
 .text          0x0c100000      0x2a4 ./lab6.o
                0x0c100000                main
                0x0c1000e4                isr_keypad
                0x0c1001a0                isr_pb
 .text          0x0c1002a4      0x570 ../../BSP/Debug\libBSP.a(keypad.o)
                0x0c1002a4                keypad_init
                0x0c1002d8                keypad_scan
                0x0c1004cc                keypad_wait_keydown
                0x0c100550                keypad_wait_keyup
                0x0c1005a4                keypad_wait_any_keydown
                0x0c100614                keypad_wait_any_keyup
                0x0c100654                keypad_getchar
                0x0c1006c4                keypad_getchartime
                0x0c100768                keypad_open
                0x0c1007d0                keypad_close
 .text          0x0c100814      0x368 ../../BSP/Debug\libBSP.a(pbs.o)
                0x0c100814                pbs_init
                0x0c100830                pb_scan
                0x0c10088c                pb_wait_keydown
                0x0c100910                pb_wait_keyup
                0x0c100964                pb_getchar
                0x0c100a00                pb_getchartime
                0x0c100ad0                pbs_open
                0x0c100b38                pbs_close
 .text          0x0c100b7c      0xb78 ../../BSP/Debug\libBSP.a(system.o)
                0x0c100b7c                sys_init
                0x0c1010f4                isr_RESET_dummy
                0x0c101120                isr_DABORT_dummy
                0x0c10114c                isr_PABORT_dummy
                0x0c101178                isr_FIQ_dummy
                0x0c1011a4                isr_IRQ_dummy
                0x0c1011d0                isr_UNDEF_dummy
                0x0c1011fc                isr_SWI_dummy
                0x0c101228                isr_TICK_dummy
                0x0c101254                isr_USB_dummy
                0x0c101280                isr_ADC_dummy
                0x0c1012ac                isr_RTC_dummy
                0x0c1012d8                isr_KEYPAD_dummy
                0x0c101304                isr_TS_dummy
                0x0c101330                isr_UTXD1_dummy
                0x0c10135c                isr_UTXD0_dummy
                0x0c101388                isr_SIO_dummy
                0x0c1013b4                isr_IIC_dummy
                0x0c1013e0                isr_URXD1_dummy
                0x0c10140c                isr_URXD0_dummy
                0x0c101438                isr_TIMER5_dummy
                0x0c101464                isr_TIMER4_dummy
                0x0c101490                isr_TIMER3_dummy
                0x0c1014bc                isr_TIMER2_dummy
                0x0c1014e8                isr_TIMER1_dummy
                0x0c101514                isr_TIMER0_dummy
                0x0c101540                isr_UERR01_dummy
                0x0c10156c                isr_WDT_dummy
                0x0c101598                isr_BDMA1_dummy
                0x0c1015c4                isr_BDMA0_dummy
                0x0c1015f0                isr_ZDMA1_dummy
                0x0c10161c                isr_ZDMA0_dummy
                0x0c101648                isr_PB_dummy
                0x0c101674                isr_ETHERNET_dummy
                0x0c1016c4                sleep
 .text          0x0c1016f4      0xa04 ../../BSP/Debug\libBSP.a(timers.o)
                0x0c1016f4                timers_init
                0x0c1018b0                timer3_delay_ms
                0x0c101994                sw_delay_ms
                0x0c1019ec                timer3_delay_s
                0x0c101ad8                sw_delay_s
                0x0c101b30                timer3_start
                0x0c101be0                timer3_stop
                0x0c101c34                timer3_start_timeout
                0x0c101cec                timer3_timeout
                0x0c101d28                timer0_open_tick
                0x0c101f6c                timer0_open_ms
                0x0c102060                timer0_close
 .text          0x0c1020f8      0x524 ../../BSP/Debug\libBSP.a(uart.o)
                0x0c1020f8                uart0_init
                0x0c10215c                uart0_putchar
                0x0c1021b4                uart0_getchar
                0x0c102204                uart0_puts
                0x0c102254                uart0_putint
                0x0c102360                uart0_puthex
                0x0c102418                uart0_gets
                0x0c102484                uart0_getint
                0x0c102548                uart0_gethex
 .text          0x0c10261c      0x114 c:/software/electronica/arm/eclipsearm/sourcery-g++-lite-arm-2011.03/bin/../lib/gcc/arm-none-eabi/4.5.2\libgcc.a(_udivsi3.o)
                0x0c10261c                __aeabi_uidiv
                0x0c10261c                __udivsi3
                0x0c102710                __aeabi_uidivmod
 .text          0x0c102730        0x4 c:/software/electronica/arm/eclipsearm/sourcery-g++-lite-arm-2011.03/bin/../lib/gcc/arm-none-eabi/4.5.2\libgcc.a(_dvmd_tls.o)
                0x0c102730                __aeabi_idiv0
                0x0c102730                __aeabi_ldiv0
 .text          0x0c102734       0x3c c:/software/electronica/arm/eclipsearm/sourcery-g++-lite-arm-2011.03/bin/../lib/gcc/arm-none-eabi/4.5.2\libgcc.a(_aeabi_uldivmod.o)
                0x0c102734                __aeabi_uldivmod
 .text          0x0c102770       0x80 c:/software/electronica/arm/eclipsearm/sourcery-g++-lite-arm-2011.03/bin/../lib/gcc/arm-none-eabi/4.5.2\libgcc.a(bpabi.o)
                0x0c102770                __gnu_ldivmod_helper
                0x0c1027b0                __gnu_uldivmod_helper
 .text          0x0c1027f0      0x4a8 c:/software/electronica/arm/eclipsearm/sourcery-g++-lite-arm-2011.03/bin/../lib/gcc/arm-none-eabi/4.5.2\libgcc.a(_divdi3.o)
                0x0c1027f0                __divdi3
 .text          0x0c102c98      0x434 c:/software/electronica/arm/eclipsearm/sourcery-g++-lite-arm-2011.03/bin/../lib/gcc/arm-none-eabi/4.5.2\libgcc.a(_udivdi3.o)
                0x0c102c98                __udivdi3
 .text          0x0c1030cc       0x48 c:/software/electronica/arm/eclipsearm/sourcery-g++-lite-arm-2011.03/bin/../lib/gcc/arm-none-eabi/4.5.2\libgcc.a(_clzsi2.o)
                0x0c1030cc                __clzsi2

.glue_7         0x0c103114        0x0
 .glue_7        0x00000000        0x0 linker stubs

.glue_7t        0x0c103114        0x0
 .glue_7t       0x00000000        0x0 linker stubs

.vfp11_veneer   0x0c103114        0x0
 .vfp11_veneer  0x00000000        0x0 linker stubs

.v4_bx          0x0c103114        0x0
 .v4_bx         0x00000000        0x0 linker stubs

.rodata         0x0c103114      0x7cc
 *(.rodata)
 .rodata        0x0c103114      0x188 ./lab6.o
 .rodata        0x0c10329c      0x644 ../../BSP/Debug\libBSP.a(system.o)

.ARM.extab      0x0c1038e0        0x0
 .ARM.extab     0x0c1038e0        0x0 c:/software/electronica/arm/eclipsearm/sourcery-g++-lite-arm-2011.03/bin/../lib/gcc/arm-none-eabi/4.5.2\libgcc.a(_divdi3.o)
 .ARM.extab     0x0c1038e0        0x0 c:/software/electronica/arm/eclipsearm/sourcery-g++-lite-arm-2011.03/bin/../lib/gcc/arm-none-eabi/4.5.2\libgcc.a(_udivdi3.o)

.ARM.exidx      0x0c1038e0        0x8
 .ARM.exidx     0x0c1038e0        0x8 c:/software/electronica/arm/eclipsearm/sourcery-g++-lite-arm-2011.03/bin/../lib/gcc/arm-none-eabi/4.5.2\libgcc.a(_divdi3.o)
 .ARM.exidx     0x0c1038e8        0x0 c:/software/electronica/arm/eclipsearm/sourcery-g++-lite-arm-2011.03/bin/../lib/gcc/arm-none-eabi/4.5.2\libgcc.a(_udivdi3.o)
                                  0x8 (size before relaxing)

.data           0x0c1038e8        0x0
 *(.data)
 .data          0x0c1038e8        0x0 ./lab6.o
 .data          0x0c1038e8        0x0 ../../BSP/Debug\libBSP.a(keypad.o)
 .data          0x0c1038e8        0x0 ../../BSP/Debug\libBSP.a(pbs.o)
 .data          0x0c1038e8        0x0 ../../BSP/Debug\libBSP.a(system.o)
 .data          0x0c1038e8        0x0 ../../BSP/Debug\libBSP.a(timers.o)
 .data          0x0c1038e8        0x0 ../../BSP/Debug\libBSP.a(uart.o)
 .data          0x0c1038e8        0x0 c:/software/electronica/arm/eclipsearm/sourcery-g++-lite-arm-2011.03/bin/../lib/gcc/arm-none-eabi/4.5.2\libgcc.a(_udivsi3.o)
 .data          0x0c1038e8        0x0 c:/software/electronica/arm/eclipsearm/sourcery-g++-lite-arm-2011.03/bin/../lib/gcc/arm-none-eabi/4.5.2\libgcc.a(_dvmd_tls.o)
 .data          0x0c1038e8        0x0 c:/software/electronica/arm/eclipsearm/sourcery-g++-lite-arm-2011.03/bin/../lib/gcc/arm-none-eabi/4.5.2\libgcc.a(_aeabi_uldivmod.o)
 .data          0x0c1038e8        0x0 c:/software/electronica/arm/eclipsearm/sourcery-g++-lite-arm-2011.03/bin/../lib/gcc/arm-none-eabi/4.5.2\libgcc.a(bpabi.o)
 .data          0x0c1038e8        0x0 c:/software/electronica/arm/eclipsearm/sourcery-g++-lite-arm-2011.03/bin/../lib/gcc/arm-none-eabi/4.5.2\libgcc.a(_divdi3.o)
 .data          0x0c1038e8        0x0 c:/software/electronica/arm/eclipsearm/sourcery-g++-lite-arm-2011.03/bin/../lib/gcc/arm-none-eabi/4.5.2\libgcc.a(_udivdi3.o)
 .data          0x0c1038e8        0x0 c:/software/electronica/arm/eclipsearm/sourcery-g++-lite-arm-2011.03/bin/../lib/gcc/arm-none-eabi/4.5.2\libgcc.a(_clzsi2.o)

.bss            0x0c1038e8        0x8
 *(.bss)
 .bss           0x0c1038e8        0x0 ./lab6.o
 .bss           0x0c1038e8        0x0 ../../BSP/Debug\libBSP.a(keypad.o)
 .bss           0x0c1038e8        0x0 ../../BSP/Debug\libBSP.a(pbs.o)
 .bss           0x0c1038e8        0x0 ../../BSP/Debug\libBSP.a(system.o)
 .bss           0x0c1038e8        0x8 ../../BSP/Debug\libBSP.a(timers.o)
 .bss           0x0c1038f0        0x0 ../../BSP/Debug\libBSP.a(uart.o)
 .bss           0x0c1038f0        0x0 c:/software/electronica/arm/eclipsearm/sourcery-g++-lite-arm-2011.03/bin/../lib/gcc/arm-none-eabi/4.5.2\libgcc.a(_udivsi3.o)
 .bss           0x0c1038f0        0x0 c:/software/electronica/arm/eclipsearm/sourcery-g++-lite-arm-2011.03/bin/../lib/gcc/arm-none-eabi/4.5.2\libgcc.a(_dvmd_tls.o)
 .bss           0x0c1038f0        0x0 c:/software/electronica/arm/eclipsearm/sourcery-g++-lite-arm-2011.03/bin/../lib/gcc/arm-none-eabi/4.5.2\libgcc.a(_aeabi_uldivmod.o)
 .bss           0x0c1038f0        0x0 c:/software/electronica/arm/eclipsearm/sourcery-g++-lite-arm-2011.03/bin/../lib/gcc/arm-none-eabi/4.5.2\libgcc.a(bpabi.o)
 .bss           0x0c1038f0        0x0 c:/software/electronica/arm/eclipsearm/sourcery-g++-lite-arm-2011.03/bin/../lib/gcc/arm-none-eabi/4.5.2\libgcc.a(_divdi3.o)
 .bss           0x0c1038f0        0x0 c:/software/electronica/arm/eclipsearm/sourcery-g++-lite-arm-2011.03/bin/../lib/gcc/arm-none-eabi/4.5.2\libgcc.a(_udivdi3.o)
 .bss           0x0c1038f0        0x0 c:/software/electronica/arm/eclipsearm/sourcery-g++-lite-arm-2011.03/bin/../lib/gcc/arm-none-eabi/4.5.2\libgcc.a(_clzsi2.o)
                0x0c1038f0                end = .
OUTPUT(lab6.elf elf32-littlearm)

.debug_abbrev   0x00000000      0x468
 .debug_abbrev  0x00000000       0x89 ./lab6.o
 .debug_abbrev  0x00000089       0xca ../../BSP/Debug\libBSP.a(keypad.o)
 .debug_abbrev  0x00000153       0xd2 ../../BSP/Debug\libBSP.a(pbs.o)
 .debug_abbrev  0x00000225       0x89 ../../BSP/Debug\libBSP.a(system.o)
 .debug_abbrev  0x000002ae       0xdd ../../BSP/Debug\libBSP.a(timers.o)
 .debug_abbrev  0x0000038b       0xdd ../../BSP/Debug\libBSP.a(uart.o)

.debug_info     0x00000000      0xd8f
 .debug_info    0x00000000      0x100 ./lab6.o
 .debug_info    0x00000100      0x1ee ../../BSP/Debug\libBSP.a(keypad.o)
 .debug_info    0x000002ee      0x1b1 ../../BSP/Debug\libBSP.a(pbs.o)
 .debug_info    0x0000049f      0x3a6 ../../BSP/Debug\libBSP.a(system.o)
 .debug_info    0x00000845      0x29d ../../BSP/Debug\libBSP.a(timers.o)
 .debug_info    0x00000ae2      0x2ad ../../BSP/Debug\libBSP.a(uart.o)

.debug_line     0x00000000      0x793
 .debug_line    0x00000000       0xe5 ./lab6.o
 .debug_line    0x000000e5      0x13e ../../BSP/Debug\libBSP.a(keypad.o)
 .debug_line    0x00000223      0x10f ../../BSP/Debug\libBSP.a(pbs.o)
 .debug_line    0x00000332      0x1f9 ../../BSP/Debug\libBSP.a(system.o)
 .debug_line    0x0000052b      0x17b ../../BSP/Debug\libBSP.a(timers.o)
 .debug_line    0x000006a6       0xed ../../BSP/Debug\libBSP.a(uart.o)

.debug_macinfo  0x00000000    0x1d2ae
 .debug_macinfo
                0x00000000     0x54f7 ./lab6.o
 .debug_macinfo
                0x000054f7     0x4e31 ../../BSP/Debug\libBSP.a(keypad.o)
 .debug_macinfo
                0x0000a328     0x4d0b ../../BSP/Debug\libBSP.a(pbs.o)
 .debug_macinfo
                0x0000f033     0x52dd ../../BSP/Debug\libBSP.a(system.o)
 .debug_macinfo
                0x00014310     0x4c91 ../../BSP/Debug\libBSP.a(timers.o)
 .debug_macinfo
                0x00018fa1     0x430d ../../BSP/Debug\libBSP.a(uart.o)

.debug_loc      0x00000000      0xdec
 .debug_loc     0x00000000       0x84 ./lab6.o
 .debug_loc     0x00000084      0x1b8 ../../BSP/Debug\libBSP.a(keypad.o)
 .debug_loc     0x0000023c      0x160 ../../BSP/Debug\libBSP.a(pbs.o)
 .debug_loc     0x0000039c      0x688 ../../BSP/Debug\libBSP.a(system.o)
 .debug_loc     0x00000a24      0x23c ../../BSP/Debug\libBSP.a(timers.o)
 .debug_loc     0x00000c60      0x18c ../../BSP/Debug\libBSP.a(uart.o)

.debug_pubnames
                0x00000000      0x5ea
 .debug_pubnames
                0x00000000       0x35 ./lab6.o
 .debug_pubnames
                0x00000035       0xe1 ../../BSP/Debug\libBSP.a(keypad.o)
 .debug_pubnames
                0x00000116       0x8e ../../BSP/Debug\libBSP.a(pbs.o)
 .debug_pubnames
                0x000001a4      0x2b1 ../../BSP/Debug\libBSP.a(system.o)
 .debug_pubnames
                0x00000455       0xee ../../BSP/Debug\libBSP.a(timers.o)
 .debug_pubnames
                0x00000543       0xa7 ../../BSP/Debug\libBSP.a(uart.o)

.debug_pubtypes
                0x00000000      0x134
 .debug_pubtypes
                0x00000000       0x32 ./lab6.o
 .debug_pubtypes
                0x00000032       0x32 ../../BSP/Debug\libBSP.a(keypad.o)
 .debug_pubtypes
                0x00000064       0x32 ../../BSP/Debug\libBSP.a(pbs.o)
 .debug_pubtypes
                0x00000096       0x27 ../../BSP/Debug\libBSP.a(system.o)
 .debug_pubtypes
                0x000000bd       0x3d ../../BSP/Debug\libBSP.a(timers.o)
 .debug_pubtypes
                0x000000fa       0x3a ../../BSP/Debug\libBSP.a(uart.o)

.debug_aranges  0x00000000       0xc0
 .debug_aranges
                0x00000000       0x20 ./lab6.o
 .debug_aranges
                0x00000020       0x20 ../../BSP/Debug\libBSP.a(keypad.o)
 .debug_aranges
                0x00000040       0x20 ../../BSP/Debug\libBSP.a(pbs.o)
 .debug_aranges
                0x00000060       0x20 ../../BSP/Debug\libBSP.a(system.o)
 .debug_aranges
                0x00000080       0x20 ../../BSP/Debug\libBSP.a(timers.o)
 .debug_aranges
                0x000000a0       0x20 ../../BSP/Debug\libBSP.a(uart.o)

.debug_str      0x00000000      0x5de
 .debug_str     0x00000000       0xca ./lab6.o
                                 0xe8 (size before relaxing)
 .debug_str     0x000000ca       0xe6 ../../BSP/Debug\libBSP.a(keypad.o)
                                0x178 (size before relaxing)
 .debug_str     0x000001b0       0x69 ../../BSP/Debug\libBSP.a(pbs.o)
                                0x12a (size before relaxing)
 .debug_str     0x00000219      0x24d ../../BSP/Debug\libBSP.a(system.o)
                                0x2fe (size before relaxing)
 .debug_str     0x00000466       0xe5 ../../BSP/Debug\libBSP.a(timers.o)
                                0x19d (size before relaxing)
 .debug_str     0x0000054b       0x93 ../../BSP/Debug\libBSP.a(uart.o)
                                0x154 (size before relaxing)

.comment        0x00000000       0x2a
 .comment       0x00000000       0x2a ./lab6.o
                                 0x2b (size before relaxing)
 .comment       0x00000000       0x2b ../../BSP/Debug\libBSP.a(keypad.o)
 .comment       0x00000000       0x2b ../../BSP/Debug\libBSP.a(pbs.o)
 .comment       0x00000000       0x2b ../../BSP/Debug\libBSP.a(system.o)
 .comment       0x00000000       0x2b ../../BSP/Debug\libBSP.a(timers.o)
 .comment       0x00000000       0x2b ../../BSP/Debug\libBSP.a(uart.o)

.ARM.attributes
                0x00000000       0x32
 .ARM.attributes
                0x00000000       0x32 ./lab6.o
 .ARM.attributes
                0x00000032       0x32 ../../BSP/Debug\libBSP.a(keypad.o)
 .ARM.attributes
                0x00000064       0x32 ../../BSP/Debug\libBSP.a(pbs.o)
 .ARM.attributes
                0x00000096       0x32 ../../BSP/Debug\libBSP.a(system.o)
 .ARM.attributes
                0x000000c8       0x32 ../../BSP/Debug\libBSP.a(timers.o)
 .ARM.attributes
                0x000000fa       0x32 ../../BSP/Debug\libBSP.a(uart.o)
 .ARM.attributes
                0x0000012c       0x1a c:/software/electronica/arm/eclipsearm/sourcery-g++-lite-arm-2011.03/bin/../lib/gcc/arm-none-eabi/4.5.2\libgcc.a(_udivsi3.o)
 .ARM.attributes
                0x00000146       0x18 c:/software/electronica/arm/eclipsearm/sourcery-g++-lite-arm-2011.03/bin/../lib/gcc/arm-none-eabi/4.5.2\libgcc.a(_dvmd_tls.o)
 .ARM.attributes
                0x0000015e       0x1a c:/software/electronica/arm/eclipsearm/sourcery-g++-lite-arm-2011.03/bin/../lib/gcc/arm-none-eabi/4.5.2\libgcc.a(_aeabi_uldivmod.o)
 .ARM.attributes
                0x00000178       0x34 c:/software/electronica/arm/eclipsearm/sourcery-g++-lite-arm-2011.03/bin/../lib/gcc/arm-none-eabi/4.5.2\libgcc.a(bpabi.o)
 .ARM.attributes
                0x000001ac       0x34 c:/software/electronica/arm/eclipsearm/sourcery-g++-lite-arm-2011.03/bin/../lib/gcc/arm-none-eabi/4.5.2\libgcc.a(_divdi3.o)
 .ARM.attributes
                0x000001e0       0x34 c:/software/electronica/arm/eclipsearm/sourcery-g++-lite-arm-2011.03/bin/../lib/gcc/arm-none-eabi/4.5.2\libgcc.a(_udivdi3.o)
 .ARM.attributes
                0x00000214       0x1a c:/software/electronica/arm/eclipsearm/sourcery-g++-lite-arm-2011.03/bin/../lib/gcc/arm-none-eabi/4.5.2\libgcc.a(_clzsi2.o)

.debug_frame    0x00000000      0xd14
 .debug_frame   0x00000000       0x88 ./lab6.o
 .debug_frame   0x00000088      0x150 ../../BSP/Debug\libBSP.a(keypad.o)
 .debug_frame   0x000001d8      0x110 ../../BSP/Debug\libBSP.a(pbs.o)
 .debug_frame   0x000002e8      0x65c ../../BSP/Debug\libBSP.a(system.o)
 .debug_frame   0x00000944      0x1b8 ../../BSP/Debug\libBSP.a(timers.o)
 .debug_frame   0x00000afc      0x130 ../../BSP/Debug\libBSP.a(uart.o)
 .debug_frame   0x00000c2c       0x20 c:/software/electronica/arm/eclipsearm/sourcery-g++-lite-arm-2011.03/bin/../lib/gcc/arm-none-eabi/4.5.2\libgcc.a(_udivsi3.o)
 .debug_frame   0x00000c4c       0x50 c:/software/electronica/arm/eclipsearm/sourcery-g++-lite-arm-2011.03/bin/../lib/gcc/arm-none-eabi/4.5.2\libgcc.a(bpabi.o)
 .debug_frame   0x00000c9c       0x3c c:/software/electronica/arm/eclipsearm/sourcery-g++-lite-arm-2011.03/bin/../lib/gcc/arm-none-eabi/4.5.2\libgcc.a(_divdi3.o)
 .debug_frame   0x00000cd8       0x3c c:/software/electronica/arm/eclipsearm/sourcery-g++-lite-arm-2011.03/bin/../lib/gcc/arm-none-eabi/4.5.2\libgcc.a(_udivdi3.o)
